127.0.0.1 - - [14/May/2017:01:19:35 -0300] "GET / HTTP/1.1" 404 1081
127.0.0.1 - - [14/May/2017:01:20:17 -0300] "GET /ProjetoNatura-Challenge/rest/usuario/ HTTP/1.1" 200 1118
127.0.0.1 - - [14/May/2017:01:20:24 -0300] "GET /ProjetoNatura-Challenge/rest/usuario/2 HTTP/1.1" 200 136
127.0.0.1 - - [14/May/2017:01:20:27 -0300] "GET /ProjetoNatura-Challenge/rest/usuario/2 HTTP/1.1" 200 136
127.0.0.1 - - [14/May/2017:01:20:28 -0300] "DELETE /ProjetoNatura-Challenge/rest/usuario/2 HTTP/1.1" 204 -
127.0.0.1 - - [14/May/2017:01:20:31 -0300] "GET /ProjetoNatura-Challenge/rest/usuario/ HTTP/1.1" 200 981
127.0.0.1 - - [14/May/2017:01:52:31 -0300] "GET / HTTP/1.1" 404 1081
0:0:0:0:0:0:0:1 - - [14/May/2017:01:52:36 -0300] "GET /NaturaSOAPProvider/ HTTP/1.1" 200 3484
0:0:0:0:0:0:0:1 - - [14/May/2017:01:52:36 -0300] "GET /NaturaSOAPProvider/axis2-web/images/asf-logo.gif HTTP/1.1" 200 5866
0:0:0:0:0:0:0:1 - - [14/May/2017:01:52:36 -0300] "GET /NaturaSOAPProvider/axis2-web/css/axis-style.css HTTP/1.1" 200 1587
0:0:0:0:0:0:0:1 - - [14/May/2017:01:52:36 -0300] "GET /NaturaSOAPProvider/axis2-web/images/axis_l.jpg HTTP/1.1" 200 12340
0:0:0:0:0:0:0:1 - - [14/May/2017:01:52:54 -0300] "GET /NaturaSOAPProvider/ HTTP/1.1" 200 3484
0:0:0:0:0:0:0:1 - - [14/May/2017:01:52:55 -0300] "GET /NaturaSOAPProvider/axis2-web/css/axis-style.css HTTP/1.1" 200 1587
0:0:0:0:0:0:0:1 - - [14/May/2017:01:52:55 -0300] "GET /NaturaSOAPProvider/axis2-web/images/asf-logo.gif HTTP/1.1" 200 5866
0:0:0:0:0:0:0:1 - - [14/May/2017:01:52:55 -0300] "GET /NaturaSOAPProvider/axis2-web/images/axis_l.jpg HTTP/1.1" 200 12340
0:0:0:0:0:0:0:1 - - [14/May/2017:01:52:55 -0300] "GET /favicon.ico HTTP/1.1" 404 1092
0:0:0:0:0:0:0:1 - - [14/May/2017:01:53:00 -0300] "GET /NaturaSOAPProvider/services/listServices HTTP/1.1" 200 3435
0:0:0:0:0:0:0:1 - - [14/May/2017:01:53:09 -0300] "GET /NaturaSOAPProvider/services/Version?wsdl HTTP/1.1" 200 5341
127.0.0.1 - - [14/May/2017:01:55:51 -0300] "GET / HTTP/1.1" 404 1081
0:0:0:0:0:0:0:1 - - [14/May/2017:01:56:09 -0300] "GET /NaturaSOAPProvider/ HTTP/1.1" 200 3484
0:0:0:0:0:0:0:1 - - [14/May/2017:01:56:10 -0300] "GET /NaturaSOAPProvider/axis2-web/css/axis-style.css HTTP/1.1" 304 -
0:0:0:0:0:0:0:1 - - [14/May/2017:01:56:10 -0300] "GET /NaturaSOAPProvider/axis2-web/images/axis_l.jpg HTTP/1.1" 304 -
0:0:0:0:0:0:0:1 - - [14/May/2017:01:56:10 -0300] "GET /NaturaSOAPProvider/axis2-web/images/asf-logo.gif HTTP/1.1" 304 -
0:0:0:0:0:0:0:1 - - [14/May/2017:01:56:11 -0300] "GET /NaturaSOAPProvider/services/listServices HTTP/1.1" 200 3977
0:0:0:0:0:0:0:1 - - [14/May/2017:01:56:15 -0300] "GET /NaturaSOAPProvider/services/ProdutoBO?wsdl HTTP/1.1" 200 11201
127.0.0.1 - - [14/May/2017:01:59:17 -0300] "POST /NaturaSOAPProvider/services/AdminService HTTP/1.0" 500 450
127.0.0.1 - - [14/May/2017:01:59:18 -0300] "POST /NaturaSOAPProvider/services/AdminService HTTP/1.0" 500 450
127.0.0.1 - - [14/May/2017:01:59:18 -0300] "POST /NaturaSOAPProvider/services/AdminService HTTP/1.0" 500 450
127.0.0.1 - - [14/May/2017:01:59:18 -0300] "POST /NaturaSOAPProvider/services/AdminService HTTP/1.0" 500 450
127.0.0.1 - - [14/May/2017:01:59:18 -0300] "POST /NaturaSOAPProvider/services/AdminService HTTP/1.0" 500 450
127.0.0.1 - - [14/May/2017:01:59:19 -0300] "POST /NaturaSOAPProvider/services/AdminService HTTP/1.0" 500 450
127.0.0.1 - - [14/May/2017:01:59:19 -0300] "POST /NaturaSOAPProvider/services/AdminService HTTP/1.0" 500 450
127.0.0.1 - - [14/May/2017:01:59:19 -0300] "POST /NaturaSOAPProvider/services/AdminService HTTP/1.0" 500 450
127.0.0.1 - - [14/May/2017:01:59:19 -0300] "POST /NaturaSOAPProvider/services/AdminService HTTP/1.0" 500 450
127.0.0.1 - - [14/May/2017:01:59:20 -0300] "POST /NaturaSOAPProvider/services/AdminService HTTP/1.0" 500 452
127.0.0.1 - - [14/May/2017:01:59:20 -0300] "POST /NaturaSOAPProvider/services/AdminService HTTP/1.0" 500 452
127.0.0.1 - - [14/May/2017:01:59:20 -0300] "POST /NaturaSOAPProvider/services/AdminService HTTP/1.0" 500 452
127.0.0.1 - - [14/May/2017:01:59:20 -0300] "POST /NaturaSOAPProvider/services/AdminService HTTP/1.0" 500 452
127.0.0.1 - - [14/May/2017:01:59:21 -0300] "POST /NaturaSOAPProvider/services/AdminService HTTP/1.0" 500 452
127.0.0.1 - - [14/May/2017:01:59:21 -0300] "POST /NaturaSOAPProvider/services/AdminService HTTP/1.0" 500 452
127.0.0.1 - - [14/May/2017:01:59:21 -0300] "POST /NaturaSOAPProvider/services/AdminService HTTP/1.0" 500 452
127.0.0.1 - - [14/May/2017:01:59:21 -0300] "POST /NaturaSOAPProvider/services/AdminService HTTP/1.0" 500 452
127.0.0.1 - - [14/May/2017:01:59:21 -0300] "POST /NaturaSOAPProvider/services/AdminService HTTP/1.0" 500 452
127.0.0.1 - - [14/May/2017:01:59:22 -0300] "POST /NaturaSOAPProvider/services/AdminService HTTP/1.0" 500 452
127.0.0.1 - - [14/May/2017:01:59:22 -0300] "POST /NaturaSOAPProvider/services/AdminService HTTP/1.0" 500 452
127.0.0.1 - - [14/May/2017:11:01:03 -0300] "GET / HTTP/1.1" 404 1081
0:0:0:0:0:0:0:1 - - [14/May/2017:11:01:06 -0300] "GET /ProjetoNatura-Challenge/ HTTP/1.1" 404 1105
0:0:0:0:0:0:0:1 - - [14/May/2017:11:01:06 -0300] "GET /favicon.ico HTTP/1.1" 404 1092
127.0.0.1 - - [14/May/2017:11:01:56 -0300] "GET / HTTP/1.1" 404 1081
0:0:0:0:0:0:0:1 - - [14/May/2017:11:01:59 -0300] "GET /NaturaRestRequester/ HTTP/1.1" 200 1677
0:0:0:0:0:0:0:1 - - [14/May/2017:11:01:59 -0300] "GET /favicon.ico HTTP/1.1" 404 1092
0:0:0:0:0:0:0:1 - - [14/May/2017:11:02:08 -0300] "GET /faces/NaturaRestRequester/ HTTP/1.1" 404 1107
0:0:0:0:0:0:0:1 - - [14/May/2017:11:02:26 -0300] "GET /NaturaRestRequester/faces/cadastroUsuario.xhtml HTTP/1.1" 200 3134
0:0:0:0:0:0:0:1 - - [14/May/2017:11:02:27 -0300] "GET /NaturaRestRequester/faces/javax.faces.resource/bootstrap.min.js;jsessionid=0797D551DAD1651D1CD688112A7E1A34?ln=js HTTP/1.1" 200 37090
0:0:0:0:0:0:0:1 - - [14/May/2017:11:02:27 -0300] "GET /NaturaRestRequester/faces/javax.faces.resource/jquery-3.2.1.min.js;jsessionid=0797D551DAD1651D1CD688112A7E1A34?ln=js HTTP/1.1" 200 86752
0:0:0:0:0:0:0:1 - - [14/May/2017:11:02:27 -0300] "GET /NaturaRestRequester/faces/javax.faces.resource/bootstrap.min.css;jsessionid=0797D551DAD1651D1CD688112A7E1A34?ln=css HTTP/1.1" 200 121325
127.0.0.1 - - [14/May/2017:11:02:50 -0300] "GET /ProjetoNatura-Challenge/rest/usuario/ HTTP/1.1" 200 981
127.0.0.1 - - [14/May/2017:11:02:51 -0300] "GET /ProjetoNatura-Challenge/rest/usuario/ HTTP/1.1" 200 981
127.0.0.1 - - [14/May/2017:11:02:51 -0300] "GET /ProjetoNatura-Challenge/rest/usuario/ HTTP/1.1" 200 981
0:0:0:0:0:0:0:1 - - [14/May/2017:11:02:51 -0300] "GET /NaturaRestRequester/faces/listaUsuario.xhtml;jsessionid=0797D551DAD1651D1CD688112A7E1A34 HTTP/1.1" 200 2710
0:0:0:0:0:0:0:1 - - [14/May/2017:11:02:51 -0300] "GET /NaturaRestRequester/faces/javax.faces.resource/jquery-3.2.1.min.js?ln=js HTTP/1.1" 200 86752
0:0:0:0:0:0:0:1 - - [14/May/2017:11:02:51 -0300] "GET /NaturaRestRequester/faces/javax.faces.resource/bootstrap.min.css?ln=css HTTP/1.1" 200 121325
0:0:0:0:0:0:0:1 - - [14/May/2017:11:02:51 -0300] "GET /NaturaRestRequester/faces/javax.faces.resource/bootstrap.min.js?ln=js HTTP/1.1" 200 37090
0:0:0:0:0:0:0:1 - - [14/May/2017:11:03:00 -0300] "GET /NaturaRestRequester/faces/buscaUsuario.xhtml HTTP/1.1" 200 2093
127.0.0.1 - - [14/May/2017:11:03:03 -0300] "GET /ProjetoNatura-Challenge/rest/usuario/2 HTTP/1.1" 204 -
0:0:0:0:0:0:0:1 - - [14/May/2017:11:03:03 -0300] "POST /NaturaRestRequester/faces/buscaUsuario.xhtml HTTP/1.1" 200 2519
127.0.0.1 - - [14/May/2017:11:03:07 -0300] "GET /ProjetoNatura-Challenge/rest/usuario/3 HTTP/1.1" 200 136
0:0:0:0:0:0:0:1 - - [14/May/2017:11:03:07 -0300] "POST /NaturaRestRequester/faces/buscaUsuario.xhtml HTTP/1.1" 200 2575
127.0.0.1 - - [14/May/2017:11:03:10 -0300] "GET /ProjetoNatura-Challenge/rest/usuario/4 HTTP/1.1" 200 140
0:0:0:0:0:0:0:1 - - [14/May/2017:11:03:10 -0300] "POST /NaturaRestRequester/faces/buscaUsuario.xhtml HTTP/1.1" 200 2581
127.0.0.1 - - [14/May/2017:11:03:13 -0300] "GET /ProjetoNatura-Challenge/rest/usuario/5 HTTP/1.1" 200 138
0:0:0:0:0:0:0:1 - - [14/May/2017:11:03:13 -0300] "POST /NaturaRestRequester/faces/buscaUsuario.xhtml HTTP/1.1" 200 2578
127.0.0.1 - - [14/May/2017:11:03:16 -0300] "GET /ProjetoNatura-Challenge/rest/usuario/1 HTTP/1.1" 204 -
0:0:0:0:0:0:0:1 - - [14/May/2017:11:03:16 -0300] "POST /NaturaRestRequester/faces/buscaUsuario.xhtml HTTP/1.1" 200 2520
127.0.0.1 - - [14/May/2017:11:03:21 -0300] "GET /ProjetoNatura-Challenge/rest/usuario/8 HTTP/1.1" 200 139
0:0:0:0:0:0:0:1 - - [14/May/2017:11:03:21 -0300] "POST /NaturaRestRequester/faces/buscaUsuario.xhtml HTTP/1.1" 200 2579
0:0:0:0:0:0:0:1 - - [14/May/2017:11:03:26 -0300] "GET /NaturaRestRequester/faces/buscaUsuario.xhtml HTTP/1.1" 200 2095
127.0.0.1 - - [14/May/2017:11:03:29 -0300] "GET /ProjetoNatura-Challenge/rest/usuario/1 HTTP/1.1" 204 -
0:0:0:0:0:0:0:1 - - [14/May/2017:11:03:29 -0300] "POST /NaturaRestRequester/faces/buscaUsuario.xhtml HTTP/1.1" 200 2521
127.0.0.1 - - [14/May/2017:11:03:32 -0300] "GET /ProjetoNatura-Challenge/rest/usuario/8 HTTP/1.1" 200 139
0:0:0:0:0:0:0:1 - - [14/May/2017:11:03:32 -0300] "POST /NaturaRestRequester/faces/buscaUsuario.xhtml HTTP/1.1" 200 2579
0:0:0:0:0:0:0:1 - - [14/May/2017:11:03:38 -0300] "GET /NaturaRestRequester/faces/cadastroUsuario.xhtml HTTP/1.1" 200 2826
127.0.0.1 - - [14/May/2017:11:03:49 -0300] "POST /ProjetoNatura-Challenge/rest/usuario/ HTTP/1.1" 201 -
0:0:0:0:0:0:0:1 - - [14/May/2017:11:03:50 -0300] "POST /NaturaRestRequester/faces/cadastroUsuario.xhtml HTTP/1.1" 200 2964
127.0.0.1 - - [14/May/2017:11:03:54 -0300] "GET /ProjetoNatura-Challenge/rest/usuario/ HTTP/1.1" 200 1119
127.0.0.1 - - [14/May/2017:11:03:54 -0300] "GET /ProjetoNatura-Challenge/rest/usuario/ HTTP/1.1" 200 1119
127.0.0.1 - - [14/May/2017:11:03:54 -0300] "GET /ProjetoNatura-Challenge/rest/usuario/ HTTP/1.1" 200 1119
0:0:0:0:0:0:0:1 - - [14/May/2017:11:03:54 -0300] "GET /NaturaRestRequester/faces/listaUsuario.xhtml HTTP/1.1" 200 2850
127.0.0.1 - - [14/May/2017:11:04:26 -0300] "POST /ProjetoNatura-Challenge/rest/usuario/ HTTP/1.1" 201 -
127.0.0.1 - - [14/May/2017:11:04:32 -0300] "GET /ProjetoNatura-Challenge/rest/usuario/ HTTP/1.1" 200 1259
127.0.0.1 - - [14/May/2017:11:04:54 -0300] "GET /ProjetoNatura-Challenge/rest/usuario/2 HTTP/1.1" 204 -
127.0.0.1 - - [14/May/2017:11:04:57 -0300] "GET /ProjetoNatura-Challenge/rest/usuario/1 HTTP/1.1" 204 -
127.0.0.1 - - [14/May/2017:11:05:00 -0300] "GET /ProjetoNatura-Challenge/rest/usuario/6 HTTP/1.1" 200 137
127.0.0.1 - - [14/May/2017:11:05:05 -0300] "GET /ProjetoNatura-Challenge/rest/usuario/ HTTP/1.1" 200 1259
127.0.0.1 - - [14/May/2017:11:05:13 -0300] "GET /ProjetoNatura-Challenge/rest/usuario/10 HTTP/1.1" 200 137
127.0.0.1 - - [14/May/2017:11:36:36 -0300] "GET / HTTP/1.1" 404 1081
0:0:0:0:0:0:0:1 - - [14/May/2017:11:36:41 -0300] "GET /ProjetoNaturaAm_SOAP_Provider/ HTTP/1.1" 200 3495
0:0:0:0:0:0:0:1 - - [14/May/2017:11:36:41 -0300] "GET /ProjetoNaturaAm_SOAP_Provider/axis2-web/css/axis-style.css HTTP/1.1" 304 -
0:0:0:0:0:0:0:1 - - [14/May/2017:11:36:41 -0300] "GET /ProjetoNaturaAm_SOAP_Provider/axis2-web/images/asf-logo.gif HTTP/1.1" 304 -
0:0:0:0:0:0:0:1 - - [14/May/2017:11:36:41 -0300] "GET /ProjetoNaturaAm_SOAP_Provider/axis2-web/images/axis_l.jpg HTTP/1.1" 304 -
0:0:0:0:0:0:0:1 - - [14/May/2017:11:36:41 -0300] "GET /favicon.ico HTTP/1.1" 404 1092
0:0:0:0:0:0:0:1 - - [14/May/2017:11:37:20 -0300] "GET /ProjetoNaturaAm_SOAP_Provider/services/listServices HTTP/1.1" 200 4032
127.0.0.1 - - [14/May/2017:11:44:19 -0300] "GET / HTTP/1.1" 404 1081
0:0:0:0:0:0:0:1 - - [14/May/2017:11:44:21 -0300] "GET /ProjetoNaturaAm_SOAP_Provider/ HTTP/1.1" 200 3495
0:0:0:0:0:0:0:1 - - [14/May/2017:11:44:22 -0300] "GET /favicon.ico HTTP/1.1" 404 1092
0:0:0:0:0:0:0:1 - - [14/May/2017:11:44:23 -0300] "GET /ProjetoNaturaAm_SOAP_Provider/services/listServices HTTP/1.1" 200 4032
0:0:0:0:0:0:0:1 - - [14/May/2017:11:46:11 -0300] "GET /ProjetoNaturaAm_SOAP_Provider/services/ProdutoBO?wsdl HTTP/1.1" 200 11234
127.0.0.1 - - [14/May/2017:11:46:41 -0300] "GET /ProjetoNaturaAm_SOAP_Provider/services/ProdutoBO?wsdl HTTP/1.1" 200 11234
127.0.0.1 - - [14/May/2017:11:46:42 -0300] "GET /ProjetoNaturaAm_SOAP_Provider/services/ProdutoBO?wsdl HTTP/1.1" 200 11234
127.0.0.1 - - [14/May/2017:11:46:49 -0300] "GET /ProjetoNaturaAm_SOAP_Provider/services/ProdutoBO?wsdl HTTP/1.1" 200 11234
127.0.0.1 - - [14/May/2017:11:46:49 -0300] "GET /ProjetoNaturaAm_SOAP_Provider/services/ProdutoBO?wsdl HTTP/1.1" 200 11234
127.0.0.1 - - [14/May/2017:11:46:49 -0300] "GET /ProjetoNaturaAm_SOAP_Provider/services/ProdutoBO?wsdl HTTP/1.1" 200 11234
127.0.0.1 - - [14/May/2017:11:46:49 -0300] "GET /ProjetoNaturaAm_SOAP_Provider/services/ProdutoBO?wsdl HTTP/1.1" 200 11234
127.0.0.1 - - [14/May/2017:11:46:49 -0300] "GET /ProjetoNaturaAm_SOAP_Provider/services/ProdutoBO?wsdl HTTP/1.1" 200 11234
127.0.0.1 - - [14/May/2017:11:46:50 -0300] "GET /ProjetoNaturaAm_SOAP_Provider/services/ProdutoBO?wsdl HTTP/1.1" 200 11234
127.0.0.1 - - [14/May/2017:11:47:48 -0300] "POST /ProjetoNaturaAm_SOAP_Provider/services/ProdutoBO.ProdutoBOHttpEndpoint/Cadastrar HTTP/1.1" 202 -
127.0.0.1 - - [14/May/2017:11:47:54 -0300] "POST /ProjetoNaturaAm_SOAP_Provider/services/ProdutoBO.ProdutoBOHttpEndpoint/listar HTTP/1.1" 200 2564
127.0.0.1 - - [14/May/2017:11:48:46 -0300] "POST /ProjetoNaturaAm_SOAP_Provider/services/ProdutoBO.ProdutoBOHttpEndpoint/Cadastrar HTTP/1.1" 202 -
127.0.0.1 - - [14/May/2017:11:48:55 -0300] "POST /ProjetoNaturaAm_SOAP_Provider/services/ProdutoBO.ProdutoBOHttpEndpoint/buscarPorId HTTP/1.1" 200 175
127.0.0.1 - - [14/May/2017:11:49:05 -0300] "POST /ProjetoNaturaAm_SOAP_Provider/services/ProdutoBO.ProdutoBOHttpEndpoint/buscarPorId HTTP/1.1" 200 175
127.0.0.1 - - [14/May/2017:11:49:08 -0300] "POST /ProjetoNaturaAm_SOAP_Provider/services/ProdutoBO.ProdutoBOHttpEndpoint/buscarPorId HTTP/1.1" 200 175
127.0.0.1 - - [14/May/2017:11:49:12 -0300] "POST /ProjetoNaturaAm_SOAP_Provider/services/ProdutoBO.ProdutoBOHttpEndpoint/buscarPorId HTTP/1.1" 200 379
127.0.0.1 - - [14/May/2017:11:49:15 -0300] "POST /ProjetoNaturaAm_SOAP_Provider/services/ProdutoBO.ProdutoBOHttpEndpoint/buscarPorId HTTP/1.1" 200 378
127.0.0.1 - - [14/May/2017:11:49:19 -0300] "POST /ProjetoNaturaAm_SOAP_Provider/services/ProdutoBO.ProdutoBOHttpEndpoint/buscarPorId HTTP/1.1" 200 380
127.0.0.1 - - [14/May/2017:11:49:25 -0300] "POST /ProjetoNaturaAm_SOAP_Provider/services/ProdutoBO.ProdutoBOHttpEndpoint/buscarPorId HTTP/1.1" 200 380
127.0.0.1 - - [14/May/2017:11:51:09 -0300] "POST /ProjetoNaturaAm_SOAP_Provider/services/ProdutoBO.ProdutoBOHttpEndpoint/buscarPorId HTTP/1.1" 200 175
127.0.0.1 - - [14/May/2017:11:51:12 -0300] "POST /ProjetoNaturaAm_SOAP_Provider/services/ProdutoBO.ProdutoBOHttpEndpoint/buscarPorId HTTP/1.1" 200 380
127.0.0.1 - - [14/May/2017:11:51:18 -0300] "POST /ProjetoNaturaAm_SOAP_Provider/services/ProdutoBO.ProdutoBOHttpEndpoint/buscarPorId HTTP/1.1" 200 175
127.0.0.1 - - [14/May/2017:11:53:22 -0300] "GET / HTTP/1.1" 404 1081
0:0:0:0:0:0:0:1 - - [14/May/2017:11:53:23 -0300] "GET /ProjetoNaturaAm_SOAP_Requester_3/ HTTP/1.1" 404 1114
127.0.0.1 - - [14/May/2017:11:54:06 -0300] "POST /ProjetoNaturaAm_SOAP_Provider/services/ProdutoBO.ProdutoBOHttpEndpoint/listar HTTP/1.1" 200 2809
127.0.0.1 - - [14/May/2017:11:54:06 -0300] "POST /ProjetoNaturaAm_SOAP_Provider/services/ProdutoBO.ProdutoBOHttpEndpoint/listar HTTP/1.1" 200 2809
127.0.0.1 - - [14/May/2017:11:54:07 -0300] "POST /ProjetoNaturaAm_SOAP_Provider/services/ProdutoBO.ProdutoBOHttpEndpoint/listar HTTP/1.1" 200 2809
0:0:0:0:0:0:0:1 - - [14/May/2017:11:54:07 -0300] "GET /ProjetoNaturaAm_SOAP_Requester_3/faces/Produto.xhtml HTTP/1.1" 200 3124
0:0:0:0:0:0:0:1 - - [14/May/2017:11:54:07 -0300] "GET /ProjetoNaturaAm_SOAP_Requester_3/faces/javax.faces.resource/bootstrap.min.css;jsessionid=98E577FABEE8D87531EE1F97E1D5E502?ln=css HTTP/1.1" 200 121325
127.0.0.1 - - [14/May/2017:11:54:48 -0300] "POST /ProjetoNaturaAm_SOAP_Provider/services/ProdutoBO.ProdutoBOHttpEndpoint/listar HTTP/1.1" 200 2809
127.0.0.1 - - [14/May/2017:11:54:49 -0300] "POST /ProjetoNaturaAm_SOAP_Provider/services/ProdutoBO.ProdutoBOHttpEndpoint/listar HTTP/1.1" 200 2809
127.0.0.1 - - [14/May/2017:11:54:49 -0300] "POST /ProjetoNaturaAm_SOAP_Provider/services/ProdutoBO.ProdutoBOHttpEndpoint/listar HTTP/1.1" 200 2809
0:0:0:0:0:0:0:1 - - [14/May/2017:11:54:49 -0300] "GET /ProjetoNaturaAm_SOAP_Requester_3/faces/Produto.xhtml HTTP/1.1" 200 2992
0:0:0:0:0:0:0:1 - - [14/May/2017:11:54:49 -0300] "GET /ProjetoNaturaAm_SOAP_Requester_3/faces/javax.faces.resource/bootstrap.min.css?ln=css HTTP/1.1" 200 121325
127.0.0.1 - - [14/May/2017:11:54:56 -0300] "POST /ProjetoNaturaAm_SOAP_Provider/services/ProdutoBO.ProdutoBOHttpEndpoint/listar HTTP/1.1" 200 2809
127.0.0.1 - - [14/May/2017:11:54:56 -0300] "POST /ProjetoNaturaAm_SOAP_Provider/services/ProdutoBO.ProdutoBOHttpEndpoint/listar HTTP/1.1" 200 2809
127.0.0.1 - - [14/May/2017:11:54:56 -0300] "POST /ProjetoNaturaAm_SOAP_Provider/services/ProdutoBO.ProdutoBOHttpEndpoint/listar HTTP/1.1" 200 2809
0:0:0:0:0:0:0:1 - - [14/May/2017:11:54:56 -0300] "GET /ProjetoNaturaAm_SOAP_Requester_3/faces/Produto.xhtml HTTP/1.1" 200 2974
0:0:0:0:0:0:0:1 - - [14/May/2017:11:54:56 -0300] "GET /ProjetoNaturaAm_SOAP_Requester_3/faces/javax.faces.resource/bootstrap.min.css?ln=css HTTP/1.1" 304 -
127.0.0.1 - - [14/May/2017:11:55:12 -0300] "POST /ProjetoNaturaAm_SOAP_Provider/services/ProdutoBO.ProdutoBOHttpEndpoint/listar HTTP/1.1" 200 2809
127.0.0.1 - - [14/May/2017:11:55:12 -0300] "POST /ProjetoNaturaAm_SOAP_Provider/services/ProdutoBO.ProdutoBOHttpEndpoint/listar HTTP/1.1" 200 2809
127.0.0.1 - - [14/May/2017:11:55:13 -0300] "POST /ProjetoNaturaAm_SOAP_Provider/services/ProdutoBO.ProdutoBOHttpEndpoint/listar HTTP/1.1" 200 2809
0:0:0:0:0:0:0:1 - - [14/May/2017:11:55:13 -0300] "GET /ProjetoNaturaAm_SOAP_Requester_3/faces/Produto.xhtml HTTP/1.1" 200 2968
0:0:0:0:0:0:0:1 - - [14/May/2017:11:55:13 -0300] "GET /ProjetoNaturaAm_SOAP_Requester_3/faces/javax.faces.resource/bootstrap.min.css?ln=css HTTP/1.1" 304 -
127.0.0.1 - - [14/May/2017:11:55:25 -0300] "POST /ProjetoNaturaAm_SOAP_Provider/services/ProdutoBO.ProdutoBOHttpEndpoint/listar HTTP/1.1" 200 2809
127.0.0.1 - - [14/May/2017:11:55:26 -0300] "POST /ProjetoNaturaAm_SOAP_Provider/services/ProdutoBO.ProdutoBOHttpEndpoint/listar HTTP/1.1" 200 2809
127.0.0.1 - - [14/May/2017:11:55:26 -0300] "POST /ProjetoNaturaAm_SOAP_Provider/services/ProdutoBO.ProdutoBOHttpEndpoint/listar HTTP/1.1" 200 2809
0:0:0:0:0:0:0:1 - - [14/May/2017:11:55:26 -0300] "GET /ProjetoNaturaAm_SOAP_Requester_3/faces/Produto.xhtml HTTP/1.1" 200 2952
0:0:0:0:0:0:0:1 - - [14/May/2017:11:55:26 -0300] "GET /ProjetoNaturaAm_SOAP_Requester_3/faces/javax.faces.resource/bootstrap.min.css?ln=css HTTP/1.1" 304 -
127.0.0.1 - - [14/May/2017:11:56:11 -0300] "POST /ProjetoNaturaAm_SOAP_Provider/services/ProdutoBO.ProdutoBOHttpEndpoint/listar HTTP/1.1" 200 2809
127.0.0.1 - - [14/May/2017:11:56:11 -0300] "POST /ProjetoNaturaAm_SOAP_Provider/services/ProdutoBO.ProdutoBOHttpEndpoint/listar HTTP/1.1" 200 2809
127.0.0.1 - - [14/May/2017:11:56:12 -0300] "POST /ProjetoNaturaAm_SOAP_Provider/services/ProdutoBO.ProdutoBOHttpEndpoint/listar HTTP/1.1" 200 2809
0:0:0:0:0:0:0:1 - - [14/May/2017:11:56:12 -0300] "GET /ProjetoNaturaAm_SOAP_Requester_3/faces/Produto.xhtml HTTP/1.1" 200 2995
0:0:0:0:0:0:0:1 - - [14/May/2017:11:56:12 -0300] "GET /ProjetoNaturaAm_SOAP_Requester_3/faces/javax.faces.resource/bootstrap.min.css?ln=css HTTP/1.1" 304 -
127.0.0.1 - - [14/May/2017:11:56:38 -0300] "POST /ProjetoNaturaAm_SOAP_Provider/services/ProdutoBO.ProdutoBOHttpEndpoint/listar HTTP/1.1" 200 2809
127.0.0.1 - - [14/May/2017:11:56:38 -0300] "POST /ProjetoNaturaAm_SOAP_Provider/services/ProdutoBO.ProdutoBOHttpEndpoint/listar HTTP/1.1" 200 2809
127.0.0.1 - - [14/May/2017:11:56:38 -0300] "POST /ProjetoNaturaAm_SOAP_Provider/services/ProdutoBO.ProdutoBOHttpEndpoint/listar HTTP/1.1" 200 2809
0:0:0:0:0:0:0:1 - - [14/May/2017:11:56:38 -0300] "GET /ProjetoNaturaAm_SOAP_Requester_3/faces/Produto.xhtml HTTP/1.1" 200 2995
0:0:0:0:0:0:0:1 - - [14/May/2017:11:56:38 -0300] "GET /ProjetoNaturaAm_SOAP_Requester_3/faces/javax.faces.resource/bootstrap.min.css?ln=css HTTP/1.1" 304 -
127.0.0.1 - - [14/May/2017:11:57:01 -0300] "POST /ProjetoNaturaAm_SOAP_Provider/services/ProdutoBO.ProdutoBOHttpEndpoint/listar HTTP/1.1" 200 2809
127.0.0.1 - - [14/May/2017:11:57:02 -0300] "POST /ProjetoNaturaAm_SOAP_Provider/services/ProdutoBO.ProdutoBOHttpEndpoint/listar HTTP/1.1" 200 2809
127.0.0.1 - - [14/May/2017:11:57:02 -0300] "POST /ProjetoNaturaAm_SOAP_Provider/services/ProdutoBO.ProdutoBOHttpEndpoint/listar HTTP/1.1" 200 2809
0:0:0:0:0:0:0:1 - - [14/May/2017:11:57:02 -0300] "GET /ProjetoNaturaAm_SOAP_Requester_3/faces/Produto.xhtml HTTP/1.1" 200 2995
0:0:0:0:0:0:0:1 - - [14/May/2017:11:57:02 -0300] "GET /ProjetoNaturaAm_SOAP_Requester_3/faces/javax.faces.resource/bootstrap.min.css?ln=css HTTP/1.1" 304 -
127.0.0.1 - - [14/May/2017:11:57:06 -0300] "POST /ProjetoNaturaAm_SOAP_Provider/services/ProdutoBO.ProdutoBOHttpEndpoint/listar HTTP/1.1" 200 2809
127.0.0.1 - - [14/May/2017:11:57:07 -0300] "POST /ProjetoNaturaAm_SOAP_Provider/services/ProdutoBO.ProdutoBOHttpEndpoint/listar HTTP/1.1" 200 2809
127.0.0.1 - - [14/May/2017:11:57:07 -0300] "POST /ProjetoNaturaAm_SOAP_Provider/services/ProdutoBO.ProdutoBOHttpEndpoint/listar HTTP/1.1" 200 2809
0:0:0:0:0:0:0:1 - - [14/May/2017:11:57:07 -0300] "GET /ProjetoNaturaAm_SOAP_Requester_3/faces/Produto.xhtml HTTP/1.1" 200 3014
0:0:0:0:0:0:0:1 - - [14/May/2017:11:57:07 -0300] "GET /ProjetoNaturaAm_SOAP_Requester_3/faces/javax.faces.resource/bootstrap.min.css?ln=css HTTP/1.1" 304 -
127.0.0.1 - - [14/May/2017:11:57:22 -0300] "POST /ProjetoNaturaAm_SOAP_Provider/services/ProdutoBO.ProdutoBOHttpEndpoint/listar HTTP/1.1" 200 2809
127.0.0.1 - - [14/May/2017:11:57:22 -0300] "POST /ProjetoNaturaAm_SOAP_Provider/services/ProdutoBO.ProdutoBOHttpEndpoint/listar HTTP/1.1" 200 2809
127.0.0.1 - - [14/May/2017:11:57:23 -0300] "POST /ProjetoNaturaAm_SOAP_Provider/services/ProdutoBO.ProdutoBOHttpEndpoint/listar HTTP/1.1" 200 2809
0:0:0:0:0:0:0:1 - - [14/May/2017:11:57:23 -0300] "GET /ProjetoNaturaAm_SOAP_Requester_3/faces/Produto.xhtml HTTP/1.1" 200 3018
0:0:0:0:0:0:0:1 - - [14/May/2017:11:57:23 -0300] "GET /ProjetoNaturaAm_SOAP_Requester_3/faces/javax.faces.resource/bootstrap.min.css?ln=css HTTP/1.1" 304 -
127.0.0.1 - - [14/May/2017:11:57:27 -0300] "POST /ProjetoNaturaAm_SOAP_Provider/services/ProdutoBO.ProdutoBOHttpEndpoint/listar HTTP/1.1" 200 2809
127.0.0.1 - - [14/May/2017:11:57:27 -0300] "POST /ProjetoNaturaAm_SOAP_Provider/services/ProdutoBO.ProdutoBOHttpEndpoint/listar HTTP/1.1" 200 2809
127.0.0.1 - - [14/May/2017:11:57:28 -0300] "POST /ProjetoNaturaAm_SOAP_Provider/services/ProdutoBO.ProdutoBOHttpEndpoint/listar HTTP/1.1" 200 2809
0:0:0:0:0:0:0:1 - - [14/May/2017:11:57:28 -0300] "GET /ProjetoNaturaAm_SOAP_Requester_3/faces/Produto.xhtml HTTP/1.1" 200 3026
0:0:0:0:0:0:0:1 - - [14/May/2017:11:57:28 -0300] "GET /ProjetoNaturaAm_SOAP_Requester_3/faces/javax.faces.resource/bootstrap.min.css?ln=css HTTP/1.1" 304 -
127.0.0.1 - - [14/May/2017:11:57:41 -0300] "POST /ProjetoNaturaAm_SOAP_Provider/services/ProdutoBO.ProdutoBOHttpEndpoint/listar HTTP/1.1" 200 2809
127.0.0.1 - - [14/May/2017:11:57:42 -0300] "POST /ProjetoNaturaAm_SOAP_Provider/services/ProdutoBO.ProdutoBOHttpEndpoint/listar HTTP/1.1" 200 2809
127.0.0.1 - - [14/May/2017:11:57:42 -0300] "POST /ProjetoNaturaAm_SOAP_Provider/services/ProdutoBO.ProdutoBOHttpEndpoint/listar HTTP/1.1" 200 2809
127.0.0.1 - - [14/May/2017:11:57:42 -0300] "POST /ProjetoNaturaAm_SOAP_Provider/services/ProdutoBO.ProdutoBOHttpEndpoint/listar HTTP/1.1" 200 2809
127.0.0.1 - - [14/May/2017:11:57:43 -0300] "POST /ProjetoNaturaAm_SOAP_Provider/services/ProdutoBO.ProdutoBOHttpEndpoint/listar HTTP/1.1" 200 2809
127.0.0.1 - - [14/May/2017:11:57:43 -0300] "POST /ProjetoNaturaAm_SOAP_Provider/services/ProdutoBO.ProdutoBOHttpEndpoint/listar HTTP/1.1" 200 2809
127.0.0.1 - - [14/May/2017:11:57:43 -0300] "POST /ProjetoNaturaAm_SOAP_Provider/services/ProdutoBO.ProdutoBOHttpEndpoint/listar HTTP/1.1" 200 2809
127.0.0.1 - - [14/May/2017:11:57:44 -0300] "POST /ProjetoNaturaAm_SOAP_Provider/services/ProdutoBO.ProdutoBOHttpEndpoint/listar HTTP/1.1" 200 2809
127.0.0.1 - - [14/May/2017:11:57:44 -0300] "POST /ProjetoNaturaAm_SOAP_Provider/services/ProdutoBO.ProdutoBOHttpEndpoint/listar HTTP/1.1" 200 2809
127.0.0.1 - - [14/May/2017:11:57:45 -0300] "POST /ProjetoNaturaAm_SOAP_Provider/services/ProdutoBO.ProdutoBOHttpEndpoint/Cadastrar HTTP/1.1" 202 -
127.0.0.1 - - [14/May/2017:11:57:45 -0300] "POST /ProjetoNaturaAm_SOAP_Provider/services/ProdutoBO.ProdutoBOHttpEndpoint/listar HTTP/1.1" 200 3055
127.0.0.1 - - [14/May/2017:11:57:46 -0300] "POST /ProjetoNaturaAm_SOAP_Provider/services/ProdutoBO.ProdutoBOHttpEndpoint/listar HTTP/1.1" 200 3055
127.0.0.1 - - [14/May/2017:11:57:46 -0300] "POST /ProjetoNaturaAm_SOAP_Provider/services/ProdutoBO.ProdutoBOHttpEndpoint/listar HTTP/1.1" 200 3055
0:0:0:0:0:0:0:1 - - [14/May/2017:11:57:46 -0300] "POST /ProjetoNaturaAm_SOAP_Requester_3/faces/Produto.xhtml HTTP/1.1" 200 3174
127.0.0.1 - - [14/May/2017:11:58:06 -0300] "POST /ProjetoNaturaAm_SOAP_Provider/services/ProdutoBO.ProdutoBOHttpEndpoint/listar HTTP/1.1" 200 3055
127.0.0.1 - - [14/May/2017:11:58:06 -0300] "POST /ProjetoNaturaAm_SOAP_Provider/services/ProdutoBO.ProdutoBOHttpEndpoint/listar HTTP/1.1" 200 3055
127.0.0.1 - - [14/May/2017:11:58:07 -0300] "POST /ProjetoNaturaAm_SOAP_Provider/services/ProdutoBO.ProdutoBOHttpEndpoint/listar HTTP/1.1" 200 3055
127.0.0.1 - - [14/May/2017:11:58:07 -0300] "POST /ProjetoNaturaAm_SOAP_Provider/services/ProdutoBO.ProdutoBOHttpEndpoint/listar HTTP/1.1" 200 3055
127.0.0.1 - - [14/May/2017:11:58:08 -0300] "POST /ProjetoNaturaAm_SOAP_Provider/services/ProdutoBO.ProdutoBOHttpEndpoint/listar HTTP/1.1" 200 3055
127.0.0.1 - - [14/May/2017:11:58:08 -0300] "POST /ProjetoNaturaAm_SOAP_Provider/services/ProdutoBO.ProdutoBOHttpEndpoint/listar HTTP/1.1" 200 3055
127.0.0.1 - - [14/May/2017:11:58:09 -0300] "POST /ProjetoNaturaAm_SOAP_Provider/services/ProdutoBO.ProdutoBOHttpEndpoint/listar HTTP/1.1" 200 3055
127.0.0.1 - - [14/May/2017:11:58:09 -0300] "POST /ProjetoNaturaAm_SOAP_Provider/services/ProdutoBO.ProdutoBOHttpEndpoint/listar HTTP/1.1" 200 3055
127.0.0.1 - - [14/May/2017:11:58:09 -0300] "POST /ProjetoNaturaAm_SOAP_Provider/services/ProdutoBO.ProdutoBOHttpEndpoint/listar HTTP/1.1" 200 3055
127.0.0.1 - - [14/May/2017:11:58:10 -0300] "POST /ProjetoNaturaAm_SOAP_Provider/services/ProdutoBO.ProdutoBOHttpEndpoint/buscarPorId HTTP/1.1" 200 380
127.0.0.1 - - [14/May/2017:11:58:10 -0300] "POST /ProjetoNaturaAm_SOAP_Provider/services/ProdutoBO.ProdutoBOHttpEndpoint/listar HTTP/1.1" 200 3055
127.0.0.1 - - [14/May/2017:11:58:11 -0300] "POST /ProjetoNaturaAm_SOAP_Provider/services/ProdutoBO.ProdutoBOHttpEndpoint/listar HTTP/1.1" 200 3055
127.0.0.1 - - [14/May/2017:11:58:11 -0300] "POST /ProjetoNaturaAm_SOAP_Provider/services/ProdutoBO.ProdutoBOHttpEndpoint/listar HTTP/1.1" 200 3055
0:0:0:0:0:0:0:1 - - [14/May/2017:11:58:11 -0300] "POST /ProjetoNaturaAm_SOAP_Requester_3/faces/Produto.xhtml HTTP/1.1" 200 3169
127.0.0.1 - - [14/May/2017:11:58:31 -0300] "POST /ProjetoNaturaAm_SOAP_Provider/services/ProdutoBO.ProdutoBOHttpEndpoint/listar HTTP/1.1" 200 3055
127.0.0.1 - - [14/May/2017:11:58:32 -0300] "POST /ProjetoNaturaAm_SOAP_Provider/services/ProdutoBO.ProdutoBOHttpEndpoint/listar HTTP/1.1" 200 3055
127.0.0.1 - - [14/May/2017:11:58:32 -0300] "POST /ProjetoNaturaAm_SOAP_Provider/services/ProdutoBO.ProdutoBOHttpEndpoint/listar HTTP/1.1" 200 3055
127.0.0.1 - - [14/May/2017:11:58:32 -0300] "POST /ProjetoNaturaAm_SOAP_Provider/services/ProdutoBO.ProdutoBOHttpEndpoint/listar HTTP/1.1" 200 3055
127.0.0.1 - - [14/May/2017:11:58:33 -0300] "POST /ProjetoNaturaAm_SOAP_Provider/services/ProdutoBO.ProdutoBOHttpEndpoint/listar HTTP/1.1" 200 3055
127.0.0.1 - - [14/May/2017:11:58:33 -0300] "POST /ProjetoNaturaAm_SOAP_Provider/services/ProdutoBO.ProdutoBOHttpEndpoint/listar HTTP/1.1" 200 3055
127.0.0.1 - - [14/May/2017:11:58:34 -0300] "POST /ProjetoNaturaAm_SOAP_Provider/services/ProdutoBO.ProdutoBOHttpEndpoint/listar HTTP/1.1" 200 3055
127.0.0.1 - - [14/May/2017:11:58:34 -0300] "POST /ProjetoNaturaAm_SOAP_Provider/services/ProdutoBO.ProdutoBOHttpEndpoint/listar HTTP/1.1" 200 3055
127.0.0.1 - - [14/May/2017:11:58:34 -0300] "POST /ProjetoNaturaAm_SOAP_Provider/services/ProdutoBO.ProdutoBOHttpEndpoint/listar HTTP/1.1" 200 3055
127.0.0.1 - - [14/May/2017:11:58:35 -0300] "POST /ProjetoNaturaAm_SOAP_Provider/services/ProdutoBO.ProdutoBOHttpEndpoint/buscarPorId HTTP/1.1" 200 175
127.0.0.1 - - [14/May/2017:11:58:35 -0300] "POST /ProjetoNaturaAm_SOAP_Provider/services/ProdutoBO.ProdutoBOHttpEndpoint/listar HTTP/1.1" 200 3055
127.0.0.1 - - [14/May/2017:11:58:35 -0300] "POST /ProjetoNaturaAm_SOAP_Provider/services/ProdutoBO.ProdutoBOHttpEndpoint/listar HTTP/1.1" 200 3055
127.0.0.1 - - [14/May/2017:11:58:36 -0300] "POST /ProjetoNaturaAm_SOAP_Provider/services/ProdutoBO.ProdutoBOHttpEndpoint/listar HTTP/1.1" 200 3055
0:0:0:0:0:0:0:1 - - [14/May/2017:11:58:36 -0300] "POST /ProjetoNaturaAm_SOAP_Requester_3/faces/Produto.xhtml HTTP/1.1" 200 3119
127.0.0.1 - - [14/May/2017:11:58:40 -0300] "POST /ProjetoNaturaAm_SOAP_Provider/services/ProdutoBO.ProdutoBOHttpEndpoint/listar HTTP/1.1" 200 3055
127.0.0.1 - - [14/May/2017:11:58:40 -0300] "POST /ProjetoNaturaAm_SOAP_Provider/services/ProdutoBO.ProdutoBOHttpEndpoint/listar HTTP/1.1" 200 3055
127.0.0.1 - - [14/May/2017:11:58:41 -0300] "POST /ProjetoNaturaAm_SOAP_Provider/services/ProdutoBO.ProdutoBOHttpEndpoint/listar HTTP/1.1" 200 3055
127.0.0.1 - - [14/May/2017:11:58:41 -0300] "POST /ProjetoNaturaAm_SOAP_Provider/services/ProdutoBO.ProdutoBOHttpEndpoint/listar HTTP/1.1" 200 3055
127.0.0.1 - - [14/May/2017:11:58:41 -0300] "POST /ProjetoNaturaAm_SOAP_Provider/services/ProdutoBO.ProdutoBOHttpEndpoint/listar HTTP/1.1" 200 3055
127.0.0.1 - - [14/May/2017:11:58:42 -0300] "POST /ProjetoNaturaAm_SOAP_Provider/services/ProdutoBO.ProdutoBOHttpEndpoint/listar HTTP/1.1" 200 3055
127.0.0.1 - - [14/May/2017:11:58:42 -0300] "POST /ProjetoNaturaAm_SOAP_Provider/services/ProdutoBO.ProdutoBOHttpEndpoint/listar HTTP/1.1" 200 3055
127.0.0.1 - - [14/May/2017:11:58:42 -0300] "POST /ProjetoNaturaAm_SOAP_Provider/services/ProdutoBO.ProdutoBOHttpEndpoint/listar HTTP/1.1" 200 3055
127.0.0.1 - - [14/May/2017:11:58:43 -0300] "POST /ProjetoNaturaAm_SOAP_Provider/services/ProdutoBO.ProdutoBOHttpEndpoint/listar HTTP/1.1" 200 3055
127.0.0.1 - - [14/May/2017:11:58:43 -0300] "POST /ProjetoNaturaAm_SOAP_Provider/services/ProdutoBO.ProdutoBOHttpEndpoint/buscarPorId HTTP/1.1" 200 380
127.0.0.1 - - [14/May/2017:11:58:44 -0300] "POST /ProjetoNaturaAm_SOAP_Provider/services/ProdutoBO.ProdutoBOHttpEndpoint/listar HTTP/1.1" 200 3055
127.0.0.1 - - [14/May/2017:11:58:44 -0300] "POST /ProjetoNaturaAm_SOAP_Provider/services/ProdutoBO.ProdutoBOHttpEndpoint/listar HTTP/1.1" 200 3055
127.0.0.1 - - [14/May/2017:11:58:44 -0300] "POST /ProjetoNaturaAm_SOAP_Provider/services/ProdutoBO.ProdutoBOHttpEndpoint/listar HTTP/1.1" 200 3055
0:0:0:0:0:0:0:1 - - [14/May/2017:11:58:44 -0300] "POST /ProjetoNaturaAm_SOAP_Requester_3/faces/Produto.xhtml HTTP/1.1" 200 3169
127.0.0.1 - - [14/May/2017:11:59:25 -0300] "POST /ProjetoNaturaAm_SOAP_Provider/services/ProdutoBO.ProdutoBOHttpEndpoint/listar HTTP/1.1" 200 3055
127.0.0.1 - - [14/May/2017:11:59:25 -0300] "POST /ProjetoNaturaAm_SOAP_Provider/services/ProdutoBO.ProdutoBOHttpEndpoint/listar HTTP/1.1" 200 3055
127.0.0.1 - - [14/May/2017:11:59:25 -0300] "POST /ProjetoNaturaAm_SOAP_Provider/services/ProdutoBO.ProdutoBOHttpEndpoint/listar HTTP/1.1" 200 3055
127.0.0.1 - - [14/May/2017:11:59:26 -0300] "POST /ProjetoNaturaAm_SOAP_Provider/services/ProdutoBO.ProdutoBOHttpEndpoint/listar HTTP/1.1" 200 3055
127.0.0.1 - - [14/May/2017:11:59:26 -0300] "POST /ProjetoNaturaAm_SOAP_Provider/services/ProdutoBO.ProdutoBOHttpEndpoint/listar HTTP/1.1" 200 3055
127.0.0.1 - - [14/May/2017:11:59:26 -0300] "POST /ProjetoNaturaAm_SOAP_Provider/services/ProdutoBO.ProdutoBOHttpEndpoint/listar HTTP/1.1" 200 3055
127.0.0.1 - - [14/May/2017:11:59:27 -0300] "POST /ProjetoNaturaAm_SOAP_Provider/services/ProdutoBO.ProdutoBOHttpEndpoint/listar HTTP/1.1" 200 3055
127.0.0.1 - - [14/May/2017:11:59:27 -0300] "POST /ProjetoNaturaAm_SOAP_Provider/services/ProdutoBO.ProdutoBOHttpEndpoint/listar HTTP/1.1" 200 3055
127.0.0.1 - - [14/May/2017:11:59:28 -0300] "POST /ProjetoNaturaAm_SOAP_Provider/services/ProdutoBO.ProdutoBOHttpEndpoint/listar HTTP/1.1" 200 3055
127.0.0.1 - - [14/May/2017:11:59:28 -0300] "POST /ProjetoNaturaAm_SOAP_Provider/services/ProdutoBO.ProdutoBOHttpEndpoint/listar HTTP/1.1" 200 3055
127.0.0.1 - - [14/May/2017:11:59:28 -0300] "POST /ProjetoNaturaAm_SOAP_Provider/services/ProdutoBO.ProdutoBOHttpEndpoint/listar HTTP/1.1" 200 3055
127.0.0.1 - - [14/May/2017:11:59:29 -0300] "POST /ProjetoNaturaAm_SOAP_Provider/services/ProdutoBO.ProdutoBOHttpEndpoint/listar HTTP/1.1" 200 3055
0:0:0:0:0:0:0:1 - - [14/May/2017:11:59:29 -0300] "POST /ProjetoNaturaAm_SOAP_Requester_3/faces/Produto.xhtml HTTP/1.1" 200 3266
0:0:0:0:0:0:0:1 - - [14/May/2017:11:59:29 -0300] "GET /ProjetoNaturaAm_SOAP_Requester_3/faces/javax.faces.resource/bootstrap.min.css?ln=css HTTP/1.1" 304 -
127.0.0.1 - - [14/May/2017:11:59:35 -0300] "POST /ProjetoNaturaAm_SOAP_Provider/services/ProdutoBO.ProdutoBOHttpEndpoint/listar HTTP/1.1" 200 3055
127.0.0.1 - - [14/May/2017:11:59:36 -0300] "POST /ProjetoNaturaAm_SOAP_Provider/services/ProdutoBO.ProdutoBOHttpEndpoint/listar HTTP/1.1" 200 3055
127.0.0.1 - - [14/May/2017:11:59:36 -0300] "POST /ProjetoNaturaAm_SOAP_Provider/services/ProdutoBO.ProdutoBOHttpEndpoint/listar HTTP/1.1" 200 3055
127.0.0.1 - - [14/May/2017:11:59:37 -0300] "POST /ProjetoNaturaAm_SOAP_Provider/services/ProdutoBO.ProdutoBOHttpEndpoint/listar HTTP/1.1" 200 3055
127.0.0.1 - - [14/May/2017:11:59:37 -0300] "POST /ProjetoNaturaAm_SOAP_Provider/services/ProdutoBO.ProdutoBOHttpEndpoint/listar HTTP/1.1" 200 3055
127.0.0.1 - - [14/May/2017:11:59:37 -0300] "POST /ProjetoNaturaAm_SOAP_Provider/services/ProdutoBO.ProdutoBOHttpEndpoint/listar HTTP/1.1" 200 3055
127.0.0.1 - - [14/May/2017:11:59:38 -0300] "POST /ProjetoNaturaAm_SOAP_Provider/services/ProdutoBO.ProdutoBOHttpEndpoint/listar HTTP/1.1" 200 3055
127.0.0.1 - - [14/May/2017:11:59:38 -0300] "POST /ProjetoNaturaAm_SOAP_Provider/services/ProdutoBO.ProdutoBOHttpEndpoint/listar HTTP/1.1" 200 3055
127.0.0.1 - - [14/May/2017:11:59:38 -0300] "POST /ProjetoNaturaAm_SOAP_Provider/services/ProdutoBO.ProdutoBOHttpEndpoint/listar HTTP/1.1" 200 3055
127.0.0.1 - - [14/May/2017:11:59:39 -0300] "POST /ProjetoNaturaAm_SOAP_Provider/services/ProdutoBO.ProdutoBOHttpEndpoint/listar HTTP/1.1" 200 3055
127.0.0.1 - - [14/May/2017:11:59:39 -0300] "POST /ProjetoNaturaAm_SOAP_Provider/services/ProdutoBO.ProdutoBOHttpEndpoint/listar HTTP/1.1" 200 3055
127.0.0.1 - - [14/May/2017:11:59:40 -0300] "POST /ProjetoNaturaAm_SOAP_Provider/services/ProdutoBO.ProdutoBOHttpEndpoint/listar HTTP/1.1" 200 3055
0:0:0:0:0:0:0:1 - - [14/May/2017:11:59:40 -0300] "POST /ProjetoNaturaAm_SOAP_Requester_3/faces/Produto.xhtml HTTP/1.1" 200 3266
0:0:0:0:0:0:0:1 - - [14/May/2017:11:59:40 -0300] "GET /ProjetoNaturaAm_SOAP_Requester_3/faces/javax.faces.resource/bootstrap.min.css?ln=css HTTP/1.1" 304 -
127.0.0.1 - - [14/May/2017:12:01:58 -0300] "POST /ProjetoNaturaAm_SOAP_Provider/services/ProdutoBO.ProdutoBOHttpEndpoint/listar HTTP/1.1" 200 3055
127.0.0.1 - - [14/May/2017:12:01:58 -0300] "POST /ProjetoNaturaAm_SOAP_Provider/services/ProdutoBO.ProdutoBOHttpEndpoint/listar HTTP/1.1" 200 3055
127.0.0.1 - - [14/May/2017:12:01:59 -0300] "POST /ProjetoNaturaAm_SOAP_Provider/services/ProdutoBO.ProdutoBOHttpEndpoint/listar HTTP/1.1" 200 3055
127.0.0.1 - - [14/May/2017:12:01:59 -0300] "POST /ProjetoNaturaAm_SOAP_Provider/services/ProdutoBO.ProdutoBOHttpEndpoint/listar HTTP/1.1" 200 3055
127.0.0.1 - - [14/May/2017:12:01:59 -0300] "POST /ProjetoNaturaAm_SOAP_Provider/services/ProdutoBO.ProdutoBOHttpEndpoint/listar HTTP/1.1" 200 3055
127.0.0.1 - - [14/May/2017:12:02:00 -0300] "POST /ProjetoNaturaAm_SOAP_Provider/services/ProdutoBO.ProdutoBOHttpEndpoint/listar HTTP/1.1" 200 3055
127.0.0.1 - - [14/May/2017:12:02:00 -0300] "POST /ProjetoNaturaAm_SOAP_Provider/services/ProdutoBO.ProdutoBOHttpEndpoint/listar HTTP/1.1" 200 3055
127.0.0.1 - - [14/May/2017:12:02:00 -0300] "POST /ProjetoNaturaAm_SOAP_Provider/services/ProdutoBO.ProdutoBOHttpEndpoint/listar HTTP/1.1" 200 3055
127.0.0.1 - - [14/May/2017:12:02:01 -0300] "POST /ProjetoNaturaAm_SOAP_Provider/services/ProdutoBO.ProdutoBOHttpEndpoint/listar HTTP/1.1" 200 3055
127.0.0.1 - - [14/May/2017:12:02:01 -0300] "POST /ProjetoNaturaAm_SOAP_Provider/services/ProdutoBO.ProdutoBOHttpEndpoint/buscarPorId HTTP/1.1" 200 380
127.0.0.1 - - [14/May/2017:12:02:02 -0300] "POST /ProjetoNaturaAm_SOAP_Provider/services/ProdutoBO.ProdutoBOHttpEndpoint/listar HTTP/1.1" 200 3055
127.0.0.1 - - [14/May/2017:12:02:02 -0300] "POST /ProjetoNaturaAm_SOAP_Provider/services/ProdutoBO.ProdutoBOHttpEndpoint/listar HTTP/1.1" 200 3055
127.0.0.1 - - [14/May/2017:12:02:02 -0300] "POST /ProjetoNaturaAm_SOAP_Provider/services/ProdutoBO.ProdutoBOHttpEndpoint/listar HTTP/1.1" 200 3055
0:0:0:0:0:0:0:1 - - [14/May/2017:12:02:02 -0300] "POST /ProjetoNaturaAm_SOAP_Requester_3/faces/Produto.xhtml HTTP/1.1" 200 3425
0:0:0:0:0:0:0:1 - - [14/May/2017:12:02:02 -0300] "GET /ProjetoNaturaAm_SOAP_Requester_3/faces/javax.faces.resource/bootstrap.min.css?ln=css HTTP/1.1" 304 -
127.0.0.1 - - [14/May/2017:12:02:42 -0300] "POST /ProjetoNaturaAm_SOAP_Provider/services/ProdutoBO.ProdutoBOHttpEndpoint/listar HTTP/1.1" 200 3306
127.0.0.1 - - [14/May/2017:12:02:42 -0300] "POST /ProjetoNaturaAm_SOAP_Provider/services/ProdutoBO.ProdutoBOHttpEndpoint/listar HTTP/1.1" 200 3306
127.0.0.1 - - [14/May/2017:12:02:43 -0300] "POST /ProjetoNaturaAm_SOAP_Provider/services/ProdutoBO.ProdutoBOHttpEndpoint/listar HTTP/1.1" 200 3306
127.0.0.1 - - [14/May/2017:12:02:43 -0300] "POST /ProjetoNaturaAm_SOAP_Provider/services/ProdutoBO.ProdutoBOHttpEndpoint/listar HTTP/1.1" 200 3306
127.0.0.1 - - [14/May/2017:12:02:43 -0300] "POST /ProjetoNaturaAm_SOAP_Provider/services/ProdutoBO.ProdutoBOHttpEndpoint/listar HTTP/1.1" 200 3306
127.0.0.1 - - [14/May/2017:12:02:44 -0300] "POST /ProjetoNaturaAm_SOAP_Provider/services/ProdutoBO.ProdutoBOHttpEndpoint/listar HTTP/1.1" 200 3306
127.0.0.1 - - [14/May/2017:12:02:44 -0300] "POST /ProjetoNaturaAm_SOAP_Provider/services/ProdutoBO.ProdutoBOHttpEndpoint/listar HTTP/1.1" 200 3306
127.0.0.1 - - [14/May/2017:12:02:44 -0300] "POST /ProjetoNaturaAm_SOAP_Provider/services/ProdutoBO.ProdutoBOHttpEndpoint/listar HTTP/1.1" 200 3306
127.0.0.1 - - [14/May/2017:12:02:45 -0300] "POST /ProjetoNaturaAm_SOAP_Provider/services/ProdutoBO.ProdutoBOHttpEndpoint/listar HTTP/1.1" 200 3306
127.0.0.1 - - [14/May/2017:12:02:45 -0300] "POST /ProjetoNaturaAm_SOAP_Provider/services/ProdutoBO.ProdutoBOHttpEndpoint/buscarPorId HTTP/1.1" 200 383
127.0.0.1 - - [14/May/2017:12:02:45 -0300] "POST /ProjetoNaturaAm_SOAP_Provider/services/ProdutoBO.ProdutoBOHttpEndpoint/listar HTTP/1.1" 200 3306
127.0.0.1 - - [14/May/2017:12:02:46 -0300] "POST /ProjetoNaturaAm_SOAP_Provider/services/ProdutoBO.ProdutoBOHttpEndpoint/listar HTTP/1.1" 200 3306
127.0.0.1 - - [14/May/2017:12:02:46 -0300] "POST /ProjetoNaturaAm_SOAP_Provider/services/ProdutoBO.ProdutoBOHttpEndpoint/listar HTTP/1.1" 200 3306
0:0:0:0:0:0:0:1 - - [14/May/2017:12:02:46 -0300] "POST /ProjetoNaturaAm_SOAP_Requester_3/faces/Produto.xhtml HTTP/1.1" 200 3541
127.0.0.1 - - [14/May/2017:12:02:52 -0300] "POST /ProjetoNaturaAm_SOAP_Provider/services/ProdutoBO.ProdutoBOHttpEndpoint/listar HTTP/1.1" 200 3306
127.0.0.1 - - [14/May/2017:12:02:53 -0300] "POST /ProjetoNaturaAm_SOAP_Provider/services/ProdutoBO.ProdutoBOHttpEndpoint/listar HTTP/1.1" 200 3306
127.0.0.1 - - [14/May/2017:12:02:53 -0300] "POST /ProjetoNaturaAm_SOAP_Provider/services/ProdutoBO.ProdutoBOHttpEndpoint/listar HTTP/1.1" 200 3306
127.0.0.1 - - [14/May/2017:12:02:54 -0300] "POST /ProjetoNaturaAm_SOAP_Provider/services/ProdutoBO.ProdutoBOHttpEndpoint/listar HTTP/1.1" 200 3306
127.0.0.1 - - [14/May/2017:12:02:54 -0300] "POST /ProjetoNaturaAm_SOAP_Provider/services/ProdutoBO.ProdutoBOHttpEndpoint/listar HTTP/1.1" 200 3306
127.0.0.1 - - [14/May/2017:12:02:54 -0300] "POST /ProjetoNaturaAm_SOAP_Provider/services/ProdutoBO.ProdutoBOHttpEndpoint/listar HTTP/1.1" 200 3306
127.0.0.1 - - [14/May/2017:12:02:55 -0300] "POST /ProjetoNaturaAm_SOAP_Provider/services/ProdutoBO.ProdutoBOHttpEndpoint/listar HTTP/1.1" 200 3306
127.0.0.1 - - [14/May/2017:12:02:55 -0300] "POST /ProjetoNaturaAm_SOAP_Provider/services/ProdutoBO.ProdutoBOHttpEndpoint/listar HTTP/1.1" 200 3306
127.0.0.1 - - [14/May/2017:12:02:56 -0300] "POST /ProjetoNaturaAm_SOAP_Provider/services/ProdutoBO.ProdutoBOHttpEndpoint/listar HTTP/1.1" 200 3306
127.0.0.1 - - [14/May/2017:12:02:56 -0300] "POST /ProjetoNaturaAm_SOAP_Provider/services/ProdutoBO.ProdutoBOHttpEndpoint/buscarPorId HTTP/1.1" 200 380
127.0.0.1 - - [14/May/2017:12:02:56 -0300] "POST /ProjetoNaturaAm_SOAP_Provider/services/ProdutoBO.ProdutoBOHttpEndpoint/listar HTTP/1.1" 200 3306
127.0.0.1 - - [14/May/2017:12:02:57 -0300] "POST /ProjetoNaturaAm_SOAP_Provider/services/ProdutoBO.ProdutoBOHttpEndpoint/listar HTTP/1.1" 200 3306
127.0.0.1 - - [14/May/2017:12:02:57 -0300] "POST /ProjetoNaturaAm_SOAP_Provider/services/ProdutoBO.ProdutoBOHttpEndpoint/listar HTTP/1.1" 200 3306
0:0:0:0:0:0:0:1 - - [14/May/2017:12:02:57 -0300] "POST /ProjetoNaturaAm_SOAP_Requester_3/faces/Produto.xhtml HTTP/1.1" 200 3536
127.0.0.1 - - [14/May/2017:12:05:04 -0300] "GET / HTTP/1.1" 404 1081
0:0:0:0:0:0:0:1 - - [14/May/2017:12:05:07 -0300] "GET /NaturaRestRequester/ HTTP/1.1" 304 -
0:0:0:0:0:0:0:1 - - [14/May/2017:12:05:07 -0300] "GET /ProjetoNatura-Challenge/ HTTP/1.1" 404 1105
0:0:0:0:0:0:0:1 - - [14/May/2017:12:05:08 -0300] "GET /favicon.ico HTTP/1.1" 404 1092
0:0:0:0:0:0:0:1 - - [14/May/2017:12:05:08 -0300] "GET /favicon.ico HTTP/1.1" 404 1092
0:0:0:0:0:0:0:1 - - [14/May/2017:12:05:22 -0300] "GET /NaturaRestRequester/faces/cadastroUsuario.xhtml HTTP/1.1" 200 3132
0:0:0:0:0:0:0:1 - - [14/May/2017:12:05:22 -0300] "GET /NaturaRestRequester/faces/javax.faces.resource/bootstrap.min.js;jsessionid=62D27278007B285936C5F09AFC2F4CEB?ln=js HTTP/1.1" 200 37090
0:0:0:0:0:0:0:1 - - [14/May/2017:12:05:22 -0300] "GET /NaturaRestRequester/faces/javax.faces.resource/bootstrap.min.css;jsessionid=62D27278007B285936C5F09AFC2F4CEB?ln=css HTTP/1.1" 200 121325
0:0:0:0:0:0:0:1 - - [14/May/2017:12:05:22 -0300] "GET /NaturaRestRequester/faces/javax.faces.resource/jquery-3.2.1.min.js;jsessionid=62D27278007B285936C5F09AFC2F4CEB?ln=js HTTP/1.1" 200 86752
127.0.0.1 - - [14/May/2017:12:05:41 -0300] "POST /ProjetoNatura-Challenge/rest/usuario/ HTTP/1.1" 500 19289
0:0:0:0:0:0:0:1 - - [14/May/2017:12:05:41 -0300] "POST /NaturaRestRequester/faces/cadastroUsuario.xhtml;jsessionid=62D27278007B285936C5F09AFC2F4CEB HTTP/1.1" 200 2958
127.0.0.1 - - [14/May/2017:12:06:25 -0300] "POST /ProjetoNatura-Challenge/rest/usuario/ HTTP/1.1" 201 -
0:0:0:0:0:0:0:1 - - [14/May/2017:12:06:25 -0300] "POST /NaturaRestRequester/faces/cadastroUsuario.xhtml HTTP/1.1" 200 2966
127.0.0.1 - - [14/May/2017:12:06:35 -0300] "GET /ProjetoNatura-Challenge/rest/usuario/ HTTP/1.1" 200 142
127.0.0.1 - - [14/May/2017:12:06:35 -0300] "GET /ProjetoNatura-Challenge/rest/usuario/ HTTP/1.1" 200 142
127.0.0.1 - - [14/May/2017:12:06:35 -0300] "GET /ProjetoNatura-Challenge/rest/usuario/ HTTP/1.1" 200 142
0:0:0:0:0:0:0:1 - - [14/May/2017:12:06:35 -0300] "GET /NaturaRestRequester/faces/listaUsuario.xhtml HTTP/1.1" 200 1853
0:0:0:0:0:0:0:1 - - [14/May/2017:12:06:37 -0300] "GET /NaturaRestRequester/faces/cadastroUsuario.xhtml HTTP/1.1" 200 2826
127.0.0.1 - - [14/May/2017:12:06:44 -0300] "POST /ProjetoNatura-Challenge/rest/usuario/ HTTP/1.1" 201 -
0:0:0:0:0:0:0:1 - - [14/May/2017:12:06:44 -0300] "POST /NaturaRestRequester/faces/cadastroUsuario.xhtml HTTP/1.1" 200 2964
127.0.0.1 - - [14/May/2017:12:06:50 -0300] "POST /ProjetoNatura-Challenge/rest/usuario/ HTTP/1.1" 201 -
0:0:0:0:0:0:0:1 - - [14/May/2017:12:06:50 -0300] "POST /NaturaRestRequester/faces/cadastroUsuario.xhtml HTTP/1.1" 200 2969
127.0.0.1 - - [14/May/2017:12:06:57 -0300] "POST /ProjetoNatura-Challenge/rest/usuario/ HTTP/1.1" 201 -
0:0:0:0:0:0:0:1 - - [14/May/2017:12:06:57 -0300] "POST /NaturaRestRequester/faces/cadastroUsuario.xhtml HTTP/1.1" 200 2967
127.0.0.1 - - [14/May/2017:12:06:58 -0300] "GET /ProjetoNatura-Challenge/rest/usuario/ HTTP/1.1" 200 557
127.0.0.1 - - [14/May/2017:12:06:58 -0300] "GET /ProjetoNatura-Challenge/rest/usuario/ HTTP/1.1" 200 557
127.0.0.1 - - [14/May/2017:12:06:58 -0300] "GET /ProjetoNatura-Challenge/rest/usuario/ HTTP/1.1" 200 557
0:0:0:0:0:0:0:1 - - [14/May/2017:12:06:58 -0300] "GET /NaturaRestRequester/faces/listaUsuario.xhtml HTTP/1.1" 200 2277
0:0:0:0:0:0:0:1 - - [14/May/2017:12:07:02 -0300] "GET /NaturaRestRequester/faces/buscaUsuario.xhtml HTTP/1.1" 200 2094
127.0.0.1 - - [14/May/2017:12:07:05 -0300] "GET /ProjetoNatura-Challenge/rest/usuario/1 HTTP/1.1" 200 140
0:0:0:0:0:0:0:1 - - [14/May/2017:12:07:05 -0300] "POST /NaturaRestRequester/faces/buscaUsuario.xhtml HTTP/1.1" 200 2583
127.0.0.1 - - [14/May/2017:12:07:06 -0300] "GET /ProjetoNatura-Challenge/rest/usuario/2 HTTP/1.1" 200 136
0:0:0:0:0:0:0:1 - - [14/May/2017:12:07:06 -0300] "POST /NaturaRestRequester/faces/buscaUsuario.xhtml HTTP/1.1" 200 2576
127.0.0.1 - - [14/May/2017:12:07:08 -0300] "GET /ProjetoNatura-Challenge/rest/usuario/3 HTTP/1.1" 200 138
0:0:0:0:0:0:0:1 - - [14/May/2017:12:07:08 -0300] "POST /NaturaRestRequester/faces/buscaUsuario.xhtml HTTP/1.1" 200 2581
127.0.0.1 - - [14/May/2017:12:07:09 -0300] "GET /ProjetoNatura-Challenge/rest/usuario/4 HTTP/1.1" 200 138
0:0:0:0:0:0:0:1 - - [14/May/2017:12:07:09 -0300] "POST /NaturaRestRequester/faces/buscaUsuario.xhtml HTTP/1.1" 200 2579
